
======================================================================
ARBUSDT 1m   htf 15m
======================================================================
  seeding ARBUSDT 1m from 2026-05-01 (store holds 0)...
  seeded 185,760 new bars
  185,760 bars  2026-05-01 -> 2026-09-06
  flow inputs: tape=none  open_interest=185,760  liquidations=none
  features computed in 124s (81 detector columns)
  barriers +/-11 ATR   holds 120/240 bars
  h1 (120 bars): AUC 0.490  folds [0.523 0.511 0.527 0.488 0.496]  spread 0.015  shuffle 0.497  eff-n 1,847  (61s)
  h2 (240 bars): AUC 0.464  folds [0.520 0.503 0.530 0.500 0.478]  spread 0.018  shuffle 0.498  eff-n 1,195  (57s)

======================================================================
ARBUSDT 5m   htf 1h
======================================================================
  seeding ARBUSDT 5m from 2025-08-01 (store holds 0)...
  seeded 115,776 new bars
  115,776 bars  2025-08-01 -> 2026-09-06
  flow inputs: tape=none  open_interest=115,776  liquidations=none
  features computed in 88s (81 detector columns)
  barriers +/-4 ATR   holds 16/32 bars
  h1 (16 bars): AUC 0.495  folds [0.494 0.503 0.501 0.495 0.510]  spread 0.006  shuffle 0.499  eff-n 7,596  (42s)
  h2 (32 bars): AUC 0.503  folds [0.513 0.508 0.502 0.504 0.508]  spread 0.004  shuffle 0.500  eff-n 4,801  (36s)

======================================================================
ARBUSDT 15m   htf 4h
======================================================================
  seeding ARBUSDT 15m from 2024-08-01 (store holds 0)...
  seeded 73,632 new bars
  73,632 bars  2024-08-01 -> 2026-09-06
  flow inputs: tape=none  open_interest=73,632  liquidations=none
  features computed in 78s (81 detector columns)
  barriers +/-2 ATR   holds 4/8 bars
  h1 (4 bars): AUC 0.506  folds [0.515 0.505 0.503 0.506 0.516]  spread 0.005  shuffle 0.497  eff-n 15,625  (23s)
  h2 (8 bars): AUC 0.499  folds [0.498 0.515 0.487 0.502 0.503]  spread 0.009  shuffle 0.500  eff-n 10,288  (28s)

======================================================================
ARBUSDT 1h   htf 4h
======================================================================
  seeding ARBUSDT 1h from 2023-01-01 (store holds 0)...
  seeded 30,321 new bars
  30,321 bars  2023-03-23 -> 2026-09-06
  flow inputs: tape=none  open_interest=30,321  liquidations=none
  features computed in 76s (81 detector columns)
  barriers +/-1 ATR   holds 1/2 bars
  h1 (1 bars): AUC 0.521  folds [0.534 0.526 0.527 0.505 0.515]  spread 0.010  shuffle 0.493  eff-n 14,982  (15s)
  h2 (2 bars): AUC 0.497  folds [0.499 0.518 0.494 0.491 0.503]  spread 0.010  shuffle 0.498  eff-n 10,859  (10s)

======================================================================
ARBUSDT 4h   htf 1d
======================================================================
  seeding ARBUSDT 4h from 2021-01-01 (store holds 0)...
  seeded 7,581 new bars
  7,581 bars  2023-03-23 -> 2026-09-06
  flow inputs: tape=none  open_interest=7,581  liquidations=none
  features computed in 20s (81 detector columns)
  barriers +/-1 ATR   holds 1/2 bars
  h1 (1 bars): AUC 0.506  folds [0.498 0.520 0.499 0.517 0.518]  spread 0.010  shuffle 0.494  eff-n 3,612  (8s)
  h2 (2 bars): AUC 0.523  folds [0.538 0.532 0.529 0.525 0.497]  spread 0.014  shuffle 0.490  eff-n 2,615  (7s)

======================================================================
ARBUSDT 1d   htf 1w
======================================================================
  seeding ARBUSDT 1d from 2019-01-01 (store holds 0)...
  seeded 1,264 new bars
  1,264 bars  2023-03-23 -> 2026-09-06
  flow inputs: tape=none  open_interest=1,264  liquidations=none
  features computed in 22s (81 detector columns)
  barriers +/-1 ATR   holds 1/2 bars
  h1 (1 bars): AUC 0.475  folds [0.500 0.500 0.500 0.500 0.500]  spread 0.000  shuffle 0.450  eff-n 454  (0s)
  h2 (2 bars): AUC 0.436  folds [0.500 0.500 0.500 0.500 0.500]  spread 0.000  shuffle 0.449  eff-n 325  (1s)

==============================================================================
ALL TIMEFRAMES
==============================================================================
  tf  h      bars   eff-n    AUC  spread  shuffle  overfit  folds
  1m h1   185,760   1,847  0.490   0.015    0.497   +0.136  [0.523 0.511 0.527 0.488 0.496]
  1m h2   185,760   1,195  0.464   0.018    0.498   +0.142  [0.520 0.503 0.530 0.500 0.478]
  5m h1   115,776   7,596  0.495   0.006    0.499   +0.115  [0.494 0.503 0.501 0.495 0.510]
  5m h2   115,776   4,801  0.503   0.004    0.500   +0.121  [0.513 0.508 0.502 0.504 0.508]
 15m h1    73,632  15,625  0.506   0.005    0.497   +0.094  [0.515 0.505 0.503 0.506 0.516]
 15m h2    73,632  10,288  0.499   0.009    0.500   +0.096  [0.498 0.515 0.487 0.502 0.503]
  1h h1    30,321  14,982  0.521   0.010    0.493   +0.096  [0.534 0.526 0.527 0.505 0.515]
  1h h2    30,321  10,859  0.497   0.010    0.498   +0.063  [0.499 0.518 0.494 0.491 0.503]
  4h h1     7,581   3,612  0.506   0.010    0.494   +0.116  [0.498 0.520 0.499 0.517 0.518]
  4h h2     7,581   2,615  0.523   0.014    0.490   +0.133  [0.538 0.532 0.529 0.525 0.497]
  1d h1     1,264     454  0.475   0.000    0.450   +0.000  [0.500 0.500 0.500 0.500 0.500]
  1d h2     1,264     325  0.436   0.000    0.449   +0.000  [0.500 0.500 0.500 0.500 0.500]

HOW TO READ THIS, AND HOW NOT TO
  Do NOT pick the highest AUC. Twelve fits means the best one is
  above 0.50 by construction even when nothing predicts anything —
  that is the multiple-testing trap, and it is why this table is
  printed whole rather than sorted.
  A timeframe earns trust from STABLE FOLDS and a CLEAN SHUFFLE
  (~0.50), not from its mean. A spread wider than the distance
  from 0.50 means the mean is noise.

  at chance once fold spread is accounted for: 15m, 1h, 1m, 4h, 5m

  SHUFFLE TEST DIRTY (possible leakage): 1d h2
