
======================================================================
DOGEUSDT 1m   htf 15m
======================================================================
  seeding DOGEUSDT 1m from 2026-05-01 (store holds 0)...
  seeded 185,760 new bars
  185,760 bars  2026-05-01 -> 2026-09-06
  flow inputs: tape=none  open_interest=185,760  liquidations=none
  features computed in 120s (81 detector columns)
  barriers +/-11 ATR   holds 120/240 bars
  h1 (120 bars): AUC 0.481  folds [0.481 0.508 0.497 0.529 0.506]  spread 0.016  shuffle 0.500  eff-n 1,859  (57s)
  h2 (240 bars): AUC 0.495  folds [0.442 0.538 0.492 0.534 0.534]  spread 0.037  shuffle 0.499  eff-n 1,194  (53s)

======================================================================
DOGEUSDT 5m   htf 1h
======================================================================
  seeding DOGEUSDT 5m from 2025-08-01 (store holds 0)...
  seeded 115,776 new bars
  115,776 bars  2025-08-01 -> 2026-09-06
  flow inputs: tape=none  open_interest=115,776  liquidations=none
  features computed in 98s (81 detector columns)
  barriers +/-4 ATR   holds 16/32 bars
  h1 (16 bars): AUC 0.497  folds [0.507 0.506 0.507 0.496 0.516]  spread 0.006  shuffle 0.499  eff-n 7,756  (36s)
  h2 (32 bars): AUC 0.497  folds [0.505 0.489 0.525 0.496 0.529]  spread 0.016  shuffle 0.496  eff-n 4,974  (34s)

======================================================================
DOGEUSDT 15m   htf 4h
======================================================================
  seeding DOGEUSDT 15m from 2024-08-01 (store holds 0)...
  seeded 73,632 new bars
  73,632 bars  2024-08-01 -> 2026-09-06
  flow inputs: tape=none  open_interest=73,632  liquidations=none
  features computed in 82s (81 detector columns)
  barriers +/-2 ATR   holds 4/8 bars
  h1 (4 bars): AUC 0.503  folds [0.511 0.513 0.511 0.501 0.509]  spread 0.004  shuffle 0.498  eff-n 15,704  (29s)
  h2 (8 bars): AUC 0.497  folds [0.499 0.522 0.515 0.500 0.491]  spread 0.011  shuffle 0.499  eff-n 10,353  (25s)

======================================================================
DOGEUSDT 1h   htf 4h
======================================================================
  seeding DOGEUSDT 1h from 2023-01-01 (store holds 0)...
  seeded 32,280 new bars
  32,280 bars  2023-01-01 -> 2026-09-06
  flow inputs: tape=none  open_interest=32,280  liquidations=none
  features computed in 89s (81 detector columns)
  barriers +/-1 ATR   holds 1/2 bars
  h1 (1 bars): AUC 0.530  folds [0.545 0.531 0.533 0.526 0.522]  spread 0.008  shuffle 0.495  eff-n 15,962  (17s)
  h2 (2 bars): AUC 0.510  folds [0.531 0.510 0.502 0.520 0.503]  spread 0.011  shuffle 0.498  eff-n 11,549  (15s)

======================================================================
DOGEUSDT 4h   htf 1d
======================================================================
  seeding DOGEUSDT 4h from 2021-01-01 (store holds 0)...
  seeded 12,450 new bars
  12,450 bars  2021-01-01 -> 2026-09-06
  flow inputs: tape=none  open_interest=12,450  liquidations=none
  features computed in 353s (81 detector columns)
  barriers +/-1 ATR   holds 1/2 bars
  h1 (1 bars): AUC 0.517  folds [0.494 0.543 0.521 0.509 0.513]  spread 0.016  shuffle 0.494  eff-n 6,047  (8s)
  h2 (2 bars): AUC 0.505  folds [0.518 0.504 0.521 0.502 0.507]  spread 0.008  shuffle 0.486  eff-n 4,393  (7s)

======================================================================
DOGEUSDT 1d   htf 1w
======================================================================
  seeding DOGEUSDT 1d from 2019-01-01 (store holds 0)...
  seeded 2,250 new bars
  2,250 bars  2020-07-10 -> 2026-09-06
  flow inputs: tape=none  open_interest=2,250  liquidations=none
  features computed in 433s (81 detector columns)
  barriers +/-1 ATR   holds 1/2 bars
  h1 (1 bars): AUC 0.482  folds [0.497 0.511 0.519 0.473 0.527]  spread 0.019  shuffle 0.507  eff-n 947  (2s)
  h2 (2 bars): AUC 0.464  folds [0.496 0.540 0.501 0.501 0.508]  spread 0.016  shuffle 0.494  eff-n 687  (1s)

==============================================================================
ALL TIMEFRAMES
==============================================================================
  tf  h      bars   eff-n    AUC  spread  shuffle  overfit  folds
  1m h1   185,760   1,859  0.481   0.016    0.500   +0.144  [0.481 0.508 0.497 0.529 0.506]
  1m h2   185,760   1,194  0.495   0.037    0.499   +0.180  [0.442 0.538 0.492 0.534 0.534]
  5m h1   115,776   7,756  0.497   0.006    0.499   +0.108  [0.507 0.506 0.507 0.496 0.516]
  5m h2   115,776   4,974  0.497   0.016    0.496   +0.113  [0.505 0.489 0.525 0.496 0.529]
 15m h1    73,632  15,704  0.503   0.004    0.498   +0.100  [0.511 0.513 0.511 0.501 0.509]
 15m h2    73,632  10,353  0.497   0.011    0.499   +0.098  [0.499 0.522 0.515 0.500 0.491]
  1h h1    32,280  15,962  0.530   0.008    0.495   +0.082  [0.545 0.531 0.533 0.526 0.522]
  1h h2    32,280  11,549  0.510   0.011    0.498   +0.095  [0.531 0.510 0.502 0.520 0.503]
  4h h1    12,450   6,047  0.517   0.016    0.494   +0.067  [0.494 0.543 0.521 0.509 0.513]
  4h h2    12,450   4,393  0.505   0.008    0.486   +0.098  [0.518 0.504 0.521 0.502 0.507]
  1d h1     2,250     947  0.482   0.019    0.507   +0.062  [0.497 0.511 0.519 0.473 0.527]
  1d h2     2,250     687  0.464   0.016    0.494   +0.022  [0.496 0.540 0.501 0.501 0.508]

HOW TO READ THIS, AND HOW NOT TO
  Do NOT pick the highest AUC. Twelve fits means the best one is
  above 0.50 by construction even when nothing predicts anything —
  that is the multiple-testing trap, and it is why this table is
  printed whole rather than sorted.
  A timeframe earns trust from STABLE FOLDS and a CLEAN SHUFFLE
  (~0.50), not from its mean. A spread wider than the distance
  from 0.50 means the mean is noise.

  at chance once fold spread is accounted for: 15m, 1d, 1h, 1m, 4h, 5m
